{
  "Value": {
    "Id": 1,
    "Name": "12"
  },
  "Formatters": [],
  "ContentTypes": [],
  "DeclaredType": null,
  "StatusCode": 200
}
